Archive member included to satisfy reference by file (symbol)

/usr/local/gcc-arm-none-eabi-5_3-2016q1/bin/../lib/gcc/arm-none-eabi/5.3.1/armv6-m/libgcc.a(_udivsi3.o)
                              ./system/src/stm32f0-stdperiph/stm32f0xx_rcc.o (__aeabi_uidiv)
/usr/local/gcc-arm-none-eabi-5_3-2016q1/bin/../lib/gcc/arm-none-eabi/5.3.1/armv6-m/libgcc.a(_dvmd_tls.o)
                              /usr/local/gcc-arm-none-eabi-5_3-2016q1/bin/../lib/gcc/arm-none-eabi/5.3.1/armv6-m/libgcc.a(_udivsi3.o) (__aeabi_idiv0)
/usr/local/gcc-arm-none-eabi-5_3-2016q1/bin/../lib/gcc/arm-none-eabi/5.3.1/../../../../arm-none-eabi/lib/armv6-m/libg_nano.a(lib_a-errno.o)
                              ./system/src/newlib/_sbrk.o (__errno)
/usr/local/gcc-arm-none-eabi-5_3-2016q1/bin/../lib/gcc/arm-none-eabi/5.3.1/../../../../arm-none-eabi/lib/armv6-m/libg_nano.a(lib_a-impure.o)
                              /usr/local/gcc-arm-none-eabi-5_3-2016q1/bin/../lib/gcc/arm-none-eabi/5.3.1/../../../../arm-none-eabi/lib/armv6-m/libg_nano.a(lib_a-errno.o) (_impure_ptr)
/usr/local/gcc-arm-none-eabi-5_3-2016q1/bin/../lib/gcc/arm-none-eabi/5.3.1/../../../../arm-none-eabi/lib/armv6-m/libg_nano.a(lib_a-strlen.o)
                              ./system/src/diag/Trace.o (strlen)
/usr/local/gcc-arm-none-eabi-5_3-2016q1/bin/../lib/gcc/arm-none-eabi/5.3.1/../../../../arm-none-eabi/lib/armv6-m/libg_nano.a(lib_a-vsnprintf.o)
                              ./system/src/diag/Trace.o (vsnprintf)
/usr/local/gcc-arm-none-eabi-5_3-2016q1/bin/../lib/gcc/arm-none-eabi/5.3.1/../../../../arm-none-eabi/lib/armv6-m/libg_nano.a(lib_a-nano-svfprintf.o)
                              /usr/local/gcc-arm-none-eabi-5_3-2016q1/bin/../lib/gcc/arm-none-eabi/5.3.1/../../../../arm-none-eabi/lib/armv6-m/libg_nano.a(lib_a-vsnprintf.o) (_svfprintf_r)
/usr/local/gcc-arm-none-eabi-5_3-2016q1/bin/../lib/gcc/arm-none-eabi/5.3.1/../../../../arm-none-eabi/lib/armv6-m/libg_nano.a(lib_a-nano-vfprintf_i.o)
                              /usr/local/gcc-arm-none-eabi-5_3-2016q1/bin/../lib/gcc/arm-none-eabi/5.3.1/../../../../arm-none-eabi/lib/armv6-m/libg_nano.a(lib_a-nano-svfprintf.o) (_printf_i)
/usr/local/gcc-arm-none-eabi-5_3-2016q1/bin/../lib/gcc/arm-none-eabi/5.3.1/../../../../arm-none-eabi/lib/armv6-m/libg_nano.a(lib_a-memchr-stub.o)
                              /usr/local/gcc-arm-none-eabi-5_3-2016q1/bin/../lib/gcc/arm-none-eabi/5.3.1/../../../../arm-none-eabi/lib/armv6-m/libg_nano.a(lib_a-nano-svfprintf.o) (memchr)
/usr/local/gcc-arm-none-eabi-5_3-2016q1/bin/../lib/gcc/arm-none-eabi/5.3.1/../../../../arm-none-eabi/lib/armv6-m/libg_nano.a(lib_a-memcpy-stub.o)
                              /usr/local/gcc-arm-none-eabi-5_3-2016q1/bin/../lib/gcc/arm-none-eabi/5.3.1/../../../../arm-none-eabi/lib/armv6-m/libg_nano.a(lib_a-nano-svfprintf.o) (memcpy)
/usr/local/gcc-arm-none-eabi-5_3-2016q1/bin/../lib/gcc/arm-none-eabi/5.3.1/../../../../arm-none-eabi/lib/armv6-m/libg_nano.a(lib_a-memmove.o)
                              /usr/local/gcc-arm-none-eabi-5_3-2016q1/bin/../lib/gcc/arm-none-eabi/5.3.1/../../../../arm-none-eabi/lib/armv6-m/libg_nano.a(lib_a-nano-svfprintf.o) (memmove)
/usr/local/gcc-arm-none-eabi-5_3-2016q1/bin/../lib/gcc/arm-none-eabi/5.3.1/../../../../arm-none-eabi/lib/armv6-m/libg_nano.a(lib_a-nano-freer.o)
                              /usr/local/gcc-arm-none-eabi-5_3-2016q1/bin/../lib/gcc/arm-none-eabi/5.3.1/../../../../arm-none-eabi/lib/armv6-m/libg_nano.a(lib_a-nano-svfprintf.o) (_free_r)
/usr/local/gcc-arm-none-eabi-5_3-2016q1/bin/../lib/gcc/arm-none-eabi/5.3.1/../../../../arm-none-eabi/lib/armv6-m/libg_nano.a(lib_a-nano-mallocr.o)
                              /usr/local/gcc-arm-none-eabi-5_3-2016q1/bin/../lib/gcc/arm-none-eabi/5.3.1/../../../../arm-none-eabi/lib/armv6-m/libg_nano.a(lib_a-nano-svfprintf.o) (_malloc_r)
/usr/local/gcc-arm-none-eabi-5_3-2016q1/bin/../lib/gcc/arm-none-eabi/5.3.1/../../../../arm-none-eabi/lib/armv6-m/libg_nano.a(lib_a-nano-reallocr.o)
                              /usr/local/gcc-arm-none-eabi-5_3-2016q1/bin/../lib/gcc/arm-none-eabi/5.3.1/../../../../arm-none-eabi/lib/armv6-m/libg_nano.a(lib_a-nano-svfprintf.o) (_realloc_r)
/usr/local/gcc-arm-none-eabi-5_3-2016q1/bin/../lib/gcc/arm-none-eabi/5.3.1/../../../../arm-none-eabi/lib/armv6-m/libg_nano.a(lib_a-sbrkr.o)
                              /usr/local/gcc-arm-none-eabi-5_3-2016q1/bin/../lib/gcc/arm-none-eabi/5.3.1/../../../../arm-none-eabi/lib/armv6-m/libg_nano.a(lib_a-nano-mallocr.o) (_sbrk_r)
/usr/local/gcc-arm-none-eabi-5_3-2016q1/bin/../lib/gcc/arm-none-eabi/5.3.1/../../../../arm-none-eabi/lib/armv6-m/libg_nano.a(lib_a-nano-msizer.o)
                              /usr/local/gcc-arm-none-eabi-5_3-2016q1/bin/../lib/gcc/arm-none-eabi/5.3.1/../../../../arm-none-eabi/lib/armv6-m/libg_nano.a(lib_a-nano-reallocr.o) (_malloc_usable_size_r)

Allocating common symbols
Common symbol       size              file

errno               0x4               ./system/src/newlib/_syscalls.o

Discarded input sections

[...]
Memory Configuration

Name             Origin             Length             Attributes
RAM              0x20000000         0x00002000         xrw
CCMRAM           0x00000000         0x00000000         xrw
FLASH            0x08000000         0x00010000         xr
FLASHB1          0x00000000         0x00000000         xr
EXTMEMB0         0x00000000         0x00000000         xr
EXTMEMB1         0x00000000         0x00000000         xr
EXTMEMB2         0x00000000         0x00000000         xr
EXTMEMB3         0x00000000         0x00000000         xr
MEMORY_ARRAY     0x00000000         0x00000000         xrw
*default*        0x00000000         0xffffffff

Linker script and memory map

LOAD ./system/src/stm32f0-stdperiph/stm32f0xx_gpio.o
LOAD ./system/src/stm32f0-stdperiph/stm32f0xx_rcc.o
LOAD ./system/src/newlib/_cxx.o
LOAD ./system/src/newlib/_exit.o
LOAD ./system/src/newlib/_sbrk.o
LOAD ./system/src/newlib/_startup.o
LOAD ./system/src/newlib/_syscalls.o
LOAD ./system/src/newlib/assert.o
LOAD ./system/src/diag/Trace.o
LOAD ./system/src/diag/trace_impl.o
LOAD ./system/src/cortexm/_initialize_hardware.o
LOAD ./system/src/cortexm/_reset_hardware.o
LOAD ./system/src/cortexm/exception_handlers.o
LOAD ./system/src/cmsis/system_stm32f0xx.o
LOAD ./system/src/cmsis/vectors_stm32f0xx.o
LOAD ./src/MCU/led.o
LOAD ./src/MCU/tick.o
LOAD ./src/MCU/usart2.o
LOAD ./src/_write.o
LOAD ./src/main.o
LOAD /usr/local/gcc-arm-none-eabi-5_3-2016q1/bin/../lib/gcc/arm-none-eabi/5.3.1/../../../../arm-none-eabi/lib/armv6-m/libstdc++_nano.a
LOAD /usr/local/gcc-arm-none-eabi-5_3-2016q1/bin/../lib/gcc/arm-none-eabi/5.3.1/../../../../arm-none-eabi/lib/armv6-m/libm.a
START GROUP
LOAD /usr/local/gcc-arm-none-eabi-5_3-2016q1/bin/../lib/gcc/arm-none-eabi/5.3.1/armv6-m/libgcc.a
LOAD /usr/local/gcc-arm-none-eabi-5_3-2016q1/bin/../lib/gcc/arm-none-eabi/5.3.1/../../../../arm-none-eabi/lib/armv6-m/libg_nano.a
LOAD /usr/local/gcc-arm-none-eabi-5_3-2016q1/bin/../lib/gcc/arm-none-eabi/5.3.1/../../../../arm-none-eabi/lib/armv6-m/libc_nano.a
END GROUP
START GROUP
LOAD /usr/local/gcc-arm-none-eabi-5_3-2016q1/bin/../lib/gcc/arm-none-eabi/5.3.1/armv6-m/libgcc.a
LOAD /usr/local/gcc-arm-none-eabi-5_3-2016q1/bin/../lib/gcc/arm-none-eabi/5.3.1/../../../../arm-none-eabi/lib/armv6-m/libc_nano.a
END GROUP
                0x20002000                __stack = (ORIGIN (RAM) + LENGTH (RAM))
                0x20002000                _estack = __stack
                0x00000400                __Main_Stack_Size = 0x400
                [!provide]                PROVIDE (_Main_Stack_Size, __Main_Stack_Size)
                0x20001c00                __Main_Stack_Limit = (__stack - __Main_Stack_Size)
                [!provide]                PROVIDE (_Main_Stack_Limit, __Main_Stack_Limit)
                0x00000100                _Minimum_Stack_Size = 0x100
                0x2000014c                PROVIDE (_Heap_Begin, _end_noinit)
                0x20001c00                PROVIDE (_Heap_Limit, (__stack - __Main_Stack_Size))

.isr_vector     0x08000000      0x230
 FILL mask 0xff
                0x08000000                __vectors_start = ABSOLUTE (.)
                0x08000000                __vectors_start__ = ABSOLUTE (.)
 *(.isr_vector)
 .isr_vector    0x08000000       0xc4 ./system/src/cmsis/vectors_stm32f0xx.o
                0x08000000                g_pfnVectors
 *(.cfmconfig)
 *(.after_vectors .after_vectors.*)
 .after_vectors
                0x080000c4      0x118 ./system/src/newlib/_startup.o
                0x080000c4                _start
 .after_vectors
                0x080001dc       0x50 ./system/src/cortexm/exception_handlers.o
                0x080001dc                Reset_Handler
                0x080001e4                NMI_Handler
                0x080001e8                HardFault_Handler
                0x08000200                HardFault_Handler_C
                0x0800021c                SVC_Handler
                0x08000220                PendSV_Handler
 .after_vectors
                0x0800022c        0x4 ./system/src/cmsis/vectors_stm32f0xx.o
                0x0800022c                TIM1_CC_IRQHandler
                0x0800022c                TSC_IRQHandler
                0x0800022c                ADC1_COMP_IRQHandler
                0x0800022c                PVD_IRQHandler
                0x0800022c                I2C1_IRQHandler
                0x0800022c                RCC_CRS_IRQHandler
                0x0800022c                SPI1_IRQHandler
                0x0800022c                TIM6_DAC_IRQHandler
                0x0800022c                USART3_4_IRQHandler
                0x0800022c                EXTI2_3_IRQHandler
                0x0800022c                ADC1_IRQHandler
                0x0800022c                I2C2_IRQHandler
                0x0800022c                TIM17_IRQHandler
                0x0800022c                CEC_CAN_IRQHandler
                0x0800022c                RTC_IRQHandler
                0x0800022c                PVD_VDDIO2_IRQHandler
                0x0800022c                DMA1_Channel4_5_6_7_IRQHandler
                0x0800022c                TIM16_IRQHandler
                0x0800022c                TIM3_IRQHandler
                0x0800022c                RCC_IRQHandler
                0x0800022c                EXTI4_15_IRQHandler
                0x0800022c                DMA1_Channel1_IRQHandler
                0x0800022c                Default_Handler
                0x0800022c                CEC_IRQHandler
                0x0800022c                TIM14_IRQHandler
                0x0800022c                DMA1_Channel4_5_IRQHandler
                0x0800022c                TIM7_IRQHandler
                0x0800022c                TIM15_IRQHandler
                0x0800022c                EXTI0_1_IRQHandler
                0x0800022c                USB_IRQHandler
                0x0800022c                SPI2_IRQHandler
                0x0800022c                TS_IRQHandler
                0x0800022c                WWDG_IRQHandler
                0x0800022c                TIM2_IRQHandler
                0x0800022c                DMA1_Channel2_3_IRQHandler
                0x0800022c                USART2_IRQHandler
                0x0800022c                FLASH_IRQHandler
                0x0800022c                USART1_IRQHandler
                0x0800022c                TIM1_BRK_UP_TRG_COM_IRQHandler

.inits          0x08000230       0x28
                0x08000230                __data_regions_array_start = .
                0x08000230        0x4 LONG 0x8001340 LOADADDR (.data)
                0x08000234        0x4 LONG 0x20000000 ADDR (.data)
                0x08000238        0x4 LONG 0x200000a8 (ADDR (.data) + SIZEOF (.data))
                0x0800023c        0x4 LONG 0x8001340 LOADADDR (.data_CCMRAM)
                0x08000240        0x4 LONG 0x0 ADDR (.data_CCMRAM)
                0x08000244        0x4 LONG 0x0 (ADDR (.data_CCMRAM) + SIZEOF (.data_CCMRAM))
                0x08000248                __data_regions_array_end = .
                0x08000248                __bss_regions_array_start = .
                0x08000248        0x4 LONG 0x200000a8 ADDR (.bss)
                0x0800024c        0x4 LONG 0x2000014c (ADDR (.bss) + SIZEOF (.bss))
                0x08000250        0x4 LONG 0x0 ADDR (.bss_CCMRAM)
                0x08000254        0x4 LONG 0x0 (ADDR (.bss_CCMRAM) + SIZEOF (.bss_CCMRAM))
                0x08000258                __bss_regions_array_end = .
 *(.init)
 *(.fini)
                0x08000258                . = ALIGN (0x4)
                0x08000258                PROVIDE (__preinit_array_start, .)
 *(.preinit_array_sysinit .preinit_array_sysinit.*)
 *(.preinit_array_platform .preinit_array_platform.*)
 *(.preinit_array .preinit_array.*)
                0x08000258                PROVIDE (__preinit_array_end, .)
                0x08000258                . = ALIGN (0x4)
                0x08000258                PROVIDE (__init_array_start, .)
 *(SORT(.init_array.*))
 *(.init_array)
                0x08000258                PROVIDE (__init_array_end, .)
                0x08000258                . = ALIGN (0x4)
                0x08000258                PROVIDE (__fini_array_start, .)
 *(SORT(.fini_array.*))
 *(.fini_array)
                0x08000258                PROVIDE (__fini_array_end, .)

.flashtext
 *(.flashtext .flashtext.*)

.text           0x08000258     0x10e5
 *(.text .text.*)
 .text._exit    0x08000258        0x4 ./system/src/newlib/_exit.o
                0x08000258                _exit
 .text._sbrk    0x0800025c       0x44 ./system/src/newlib/_sbrk.o
                0x0800025c                _sbrk
 .text.__initialize_args
                0x080002a0       0x10 ./system/src/newlib/_syscalls.o
                0x080002a0                __initialize_args
 .text.trace_printf
                0x080002b0       0x2c ./system/src/diag/Trace.o
                0x080002b0                trace_printf
 .text._trace_write_semihosting_debug
                0x080002dc       0x68 ./system/src/diag/trace_impl.o
 .text.trace_write
                0x08000344        0x8 ./system/src/diag/trace_impl.o
                0x08000344                trace_write
 .text.__initialize_hardware_early
                0x0800034c        0x8 ./system/src/cortexm/_initialize_hardware.o
                0x0800034c                __initialize_hardware_early
 .text.__initialize_hardware
                0x08000354        0x8 ./system/src/cortexm/_initialize_hardware.o
                0x08000354                __initialize_hardware
 .text.dumpExceptionStack
                0x0800035c       0x88 ./system/src/cortexm/exception_handlers.o
                0x0800035c                dumpExceptionStack
 .text.SetSysClock
                0x080003e4       0xb0 ./system/src/cmsis/system_stm32f0xx.o
 .text.SystemInit
                0x08000494       0x64 ./system/src/cmsis/system_stm32f0xx.o
                0x08000494                SystemInit
 .text.SystemCoreClockUpdate
                0x080004f8       0x94 ./system/src/cmsis/system_stm32f0xx.o
                0x080004f8                SystemCoreClockUpdate
 .text.Led_On   0x0800058c       0x10 ./src/MCU/led.o
                0x0800058c                Led_On
 .text.Led_Off  0x0800059c       0x10 ./src/MCU/led.o
                0x0800059c                Led_Off
 .text.Led_Toggle
                0x080005ac       0x18 ./src/MCU/led.o
                0x080005ac                Led_Toggle
 .text.Led_Init
                0x080005c4       0x50 ./src/MCU/led.o
                0x080005c4                Led_Init
 .text.Tick_init
                0x08000614       0x44 ./src/MCU/tick.o
                0x08000614                Tick_init
 .text.SysTick_Handler
                0x08000658       0x10 ./src/MCU/tick.o
                0x08000658                SysTick_Handler
 .text.IsSerialOpen
                0x08000668        0xc ./src/MCU/usart2.o
 .text.Close    0x08000674       0x10 ./src/MCU/usart2.o
 .text.Setbaudrate
                0x08000684       0x54 ./src/MCU/usart2.o
 .text.IsWriteBusy
                0x080006d8       0x14 ./src/MCU/usart2.o
 .text.Open     0x080006ec       0x68 ./src/MCU/usart2.o
 .text.SendByte
                0x08000754       0x28 ./src/MCU/usart2.o
 .text.DoesReceiveBufferHaveData
                0x0800077c       0x28 ./src/MCU/usart2.o
 .text.GetByte  0x080007a4       0x7c ./src/MCU/usart2.o
 .text.SendString
                0x08000820       0x2c ./src/MCU/usart2.o
 .text.SendArray
                0x0800084c       0x30 ./src/MCU/usart2.o
 .text.main     0x0800087c       0x44 ./src/main.o
                0x0800087c                main
 .text          0x080008c0      0x114 /usr/local/gcc-arm-none-eabi-5_3-2016q1/bin/../lib/gcc/arm-none-eabi/5.3.1/armv6-m/libgcc.a(_udivsi3.o)
                0x080008c0                __udivsi3
                0x080008c0                __aeabi_uidiv
                0x080009cc                __aeabi_uidivmod
 .text          0x080009d4        0x4 /usr/local/gcc-arm-none-eabi-5_3-2016q1/bin/../lib/gcc/arm-none-eabi/5.3.1/armv6-m/libgcc.a(_dvmd_tls.o)
                0x080009d4                __aeabi_ldiv0
                0x080009d4                __aeabi_idiv0
 .text.__errno  0x080009d8        0xc /usr/local/gcc-arm-none-eabi-5_3-2016q1/bin/../lib/gcc/arm-none-eabi/5.3.1/../../../../arm-none-eabi/lib/armv6-m/libg_nano.a(lib_a-errno.o)
                0x080009d8                __errno
 .text._vsnprintf_r
                0x080009e4       0x56 /usr/local/gcc-arm-none-eabi-5_3-2016q1/bin/../lib/gcc/arm-none-eabi/5.3.1/../../../../arm-none-eabi/lib/armv6-m/libg_nano.a(lib_a-vsnprintf.o)
                0x080009e4                _vsnprintf_r
                0x080009e4                _vsniprintf_r
 *fill*         0x08000a3a        0x2 
 .text.vsnprintf
                0x08000a3c       0x18 /usr/local/gcc-arm-none-eabi-5_3-2016q1/bin/../lib/gcc/arm-none-eabi/5.3.1/../../../../arm-none-eabi/lib/armv6-m/libg_nano.a(lib_a-vsnprintf.o)
                0x08000a3c                vsnprintf
                0x08000a3c                vsniprintf
 .text.__ssputs_r
                0x08000a54       0xc4 /usr/local/gcc-arm-none-eabi-5_3-2016q1/bin/../lib/gcc/arm-none-eabi/5.3.1/../../../../arm-none-eabi/lib/armv6-m/libg_nano.a(lib_a-nano-svfprintf.o)
                0x08000a54                __ssputs_r
 .text._svfprintf_r
                0x08000b18      0x1fc /usr/local/gcc-arm-none-eabi-5_3-2016q1/bin/../lib/gcc/arm-none-eabi/5.3.1/../../../../arm-none-eabi/lib/armv6-m/libg_nano.a(lib_a-nano-svfprintf.o)
                0x08000b18                _svfprintf_r
                0x08000b18                _svfiprintf_r
 .text._printf_common
                0x08000d14       0xdc /usr/local/gcc-arm-none-eabi-5_3-2016q1/bin/../lib/gcc/arm-none-eabi/5.3.1/../../../../arm-none-eabi/lib/armv6-m/libg_nano.a(lib_a-nano-vfprintf_i.o)
                0x08000d14                _printf_common
 .text._printf_i
                0x08000df0      0x244 /usr/local/gcc-arm-none-eabi-5_3-2016q1/bin/../lib/gcc/arm-none-eabi/5.3.1/../../../../arm-none-eabi/lib/armv6-m/libg_nano.a(lib_a-nano-vfprintf_i.o)
                0x08000df0                _printf_i
 .text.memchr   0x08001034       0x16 /usr/local/gcc-arm-none-eabi-5_3-2016q1/bin/../lib/gcc/arm-none-eabi/5.3.1/../../../../arm-none-eabi/lib/armv6-m/libg_nano.a(lib_a-memchr-stub.o)
                0x08001034                memchr
 .text.memcpy   0x0800104a       0x12 /usr/local/gcc-arm-none-eabi-5_3-2016q1/bin/../lib/gcc/arm-none-eabi/5.3.1/../../../../arm-none-eabi/lib/armv6-m/libg_nano.a(lib_a-memcpy-stub.o)
                0x0800104a                memcpy
 .text.memmove  0x0800105c       0x2a /usr/local/gcc-arm-none-eabi-5_3-2016q1/bin/../lib/gcc/arm-none-eabi/5.3.1/../../../../arm-none-eabi/lib/armv6-m/libg_nano.a(lib_a-memmove.o)
                0x0800105c                memmove
 *fill*         0x08001086        0x2 
 .text._free_r  0x08001088       0x8c /usr/local/gcc-arm-none-eabi-5_3-2016q1/bin/../lib/gcc/arm-none-eabi/5.3.1/../../../../arm-none-eabi/lib/armv6-m/libg_nano.a(lib_a-nano-freer.o)
                0x08001088                _free_r
 .text._malloc_r
                0x08001114       0xac /usr/local/gcc-arm-none-eabi-5_3-2016q1/bin/../lib/gcc/arm-none-eabi/5.3.1/../../../../arm-none-eabi/lib/armv6-m/libg_nano.a(lib_a-nano-mallocr.o)
                0x08001114                _malloc_r
 .text._realloc_r
                0x080011c0       0x4c /usr/local/gcc-arm-none-eabi-5_3-2016q1/bin/../lib/gcc/arm-none-eabi/5.3.1/../../../../arm-none-eabi/lib/armv6-m/libg_nano.a(lib_a-nano-reallocr.o)
                0x080011c0                _realloc_r
 .text._sbrk_r  0x0800120c       0x24 /usr/local/gcc-arm-none-eabi-5_3-2016q1/bin/../lib/gcc/arm-none-eabi/5.3.1/../../../../arm-none-eabi/lib/armv6-m/libg_nano.a(lib_a-sbrkr.o)
                0x0800120c                _sbrk_r
 .text._malloc_usable_size_r
                0x08001230       0x16 /usr/local/gcc-arm-none-eabi-5_3-2016q1/bin/../lib/gcc/arm-none-eabi/5.3.1/../../../../arm-none-eabi/lib/armv6-m/libg_nano.a(lib_a-nano-msizer.o)
                0x08001230                _malloc_usable_size_r
 *(.rodata .rodata.* .constdata .constdata.*)
 *fill*         0x08001246        0x2 
 .rodata.str1.4
                0x08001248       0xc0 ./system/src/cortexm/exception_handlers.o
                                 0xbd (size before relaxing)
 .rodata.str1.1
                0x08001308        0x2 /usr/local/gcc-arm-none-eabi-5_3-2016q1/bin/../lib/gcc/arm-none-eabi/5.3.1/../../../../arm-none-eabi/lib/armv6-m/libg_nano.a(lib_a-impure.o)
 .rodata.str1.1
                0x0800130a       0x11 /usr/local/gcc-arm-none-eabi-5_3-2016q1/bin/../lib/gcc/arm-none-eabi/5.3.1/../../../../arm-none-eabi/lib/armv6-m/libg_nano.a(lib_a-nano-svfprintf.o)
 .rodata.str1.1
                0x0800131b       0x22 /usr/local/gcc-arm-none-eabi-5_3-2016q1/bin/../lib/gcc/arm-none-eabi/5.3.1/../../../../arm-none-eabi/lib/armv6-m/libg_nano.a(lib_a-nano-vfprintf_i.o)
 *(vtable)
 *(.eh_frame*)
 *(.glue_7)
 .glue_7        0x0800133d        0x0 linker stubs
 *(.glue_7t)
 .glue_7t       0x0800133d        0x0 linker stubs

.vfp11_veneer   0x08001340        0x0
 .vfp11_veneer  0x08001340        0x0 linker stubs

.v4_bx          0x08001340        0x0
 .v4_bx         0x08001340        0x0 linker stubs

.iplt           0x08001340        0x0
 .iplt          0x08001340        0x0 ./system/src/stm32f0-stdperiph/stm32f0xx_gpio.o

.rel.dyn        0x08001340        0x0
 .rel.iplt      0x08001340        0x0 ./system/src/stm32f0-stdperiph/stm32f0xx_gpio.o

.ARM.extab
 *(.ARM.extab* .gnu.linkonce.armextab.*)
                0x08001340                . = ALIGN (0x4)
                0x08001340                __exidx_start = .

.ARM.exidx
 *(.ARM.exidx* .gnu.linkonce.armexidx.*)
                0x08001340                __exidx_end = .
                0x08001340                . = ALIGN (0x4)
                0x08001340                _etext = .
                0x08001340                __etext = .

.data_CCMRAM    0x00000000        0x0 load address 0x08001340
 FILL mask 0xff
 *(.data.CCMRAM .data.CCMRAM.*)
                0x00000000                . = ALIGN (0x4)
                0x08001340                _sidata = LOADADDR (.data)

.data           0x20000000       0xa8 load address 0x08001340
 FILL mask 0xff
                0x20000000                _sdata = .
                0x20000000                __data_start__ = .
 *(.data_begin .data_begin.*)
 .data_begin    0x20000000        0x4 ./system/src/newlib/_startup.o
 *(.data .data.*)
 .data.argv.4255
                0x20000004        0x8 ./system/src/newlib/_syscalls.o
 .data.AHBPrescTable
                0x2000000c       0x10 ./system/src/cmsis/system_stm32f0xx.o
                0x2000000c                AHBPrescTable
 .data.SystemCoreClock
                0x2000001c        0x4 ./system/src/cmsis/system_stm32f0xx.o
                0x2000001c                SystemCoreClock
 .data.SerialPort2
                0x20000020       0x20 ./src/MCU/usart2.o
                0x20000020                SerialPort2
 .data.impure_data
                0x20000040       0x60 /usr/local/gcc-arm-none-eabi-5_3-2016q1/bin/../lib/gcc/arm-none-eabi/5.3.1/../../../../arm-none-eabi/lib/armv6-m/libg_nano.a(lib_a-impure.o)
 .data._impure_ptr
                0x200000a0        0x4 /usr/local/gcc-arm-none-eabi-5_3-2016q1/bin/../lib/gcc/arm-none-eabi/5.3.1/../../../../arm-none-eabi/lib/armv6-m/libg_nano.a(lib_a-impure.o)
                0x200000a0                _impure_ptr
 *(.data_end .data_end.*)
 .data_end      0x200000a4        0x4 ./system/src/newlib/_startup.o
                0x200000a8                . = ALIGN (0x4)
                0x200000a8                _edata = .
                0x200000a8                __data_end__ = .

.igot.plt       0x200000a8        0x0 load address 0x080013e8
 .igot.plt      0x200000a8        0x0 ./system/src/stm32f0-stdperiph/stm32f0xx_gpio.o

.bss_CCMRAM     0x00000000        0x0
 *(.bss.CCMRAM .bss.CCMRAM.*)

.bss            0x200000a8       0xa4
                0x200000a8                __bss_start__ = .
                0x200000a8                _sbss = .
 *(.bss_begin .bss_begin.*)
 .bss_begin     0x200000a8        0x4 ./system/src/newlib/_startup.o
 *(.bss .bss.*)
 .bss.current_heap_end.3946
                0x200000ac        0x4 ./system/src/newlib/_sbrk.o
 .bss.name.4254
                0x200000b0        0x1 ./system/src/newlib/_syscalls.o
 *fill*         0x200000b1        0x3 
 .bss.buf.5140  0x200000b4       0x80 ./system/src/diag/Trace.o
 .bss.TickCounter
                0x20000134        0x4 ./src/MCU/tick.o
 .bss.IsOpenFlag
                0x20000138        0x4 ./src/MCU/usart2.o
 .bss.__malloc_sbrk_start
                0x2000013c        0x4 /usr/local/gcc-arm-none-eabi-5_3-2016q1/bin/../lib/gcc/arm-none-eabi/5.3.1/../../../../arm-none-eabi/lib/armv6-m/libg_nano.a(lib_a-nano-mallocr.o)
                0x2000013c                __malloc_sbrk_start
 .bss.__malloc_free_list
                0x20000140        0x4 /usr/local/gcc-arm-none-eabi-5_3-2016q1/bin/../lib/gcc/arm-none-eabi/5.3.1/../../../../arm-none-eabi/lib/armv6-m/libg_nano.a(lib_a-nano-mallocr.o)
                0x20000140                __malloc_free_list
 *(COMMON)
 COMMON         0x20000144        0x4 ./system/src/newlib/_syscalls.o
                0x20000144                errno
 *(.bss_end .bss_end.*)
 .bss_end       0x20000148        0x4 ./system/src/newlib/_startup.o
                0x2000014c                . = ALIGN (0x4)
                0x2000014c                __bss_end__ = .
                0x2000014c                _ebss = .

.noinit_CCMRAM
 *(.noinit.CCMRAM .noinit.CCMRAM.*)

.noinit         0x2000014c        0x0
                0x2000014c                _noinit = .
 *(.noinit .noinit.*)
                0x2000014c                . = ALIGN (0x4)
                0x2000014c                _end_noinit = .
                [!provide]                PROVIDE (end, _end_noinit)
                [!provide]                PROVIDE (_end, _end_noinit)
                [!provide]                PROVIDE (__end, _end_noinit)
                [!provide]                PROVIDE (__end__, _end_noinit)

._check_stack   0x2000014c      0x100
                0x2000024c                . = (. + _Minimum_Stack_Size)
 *fill*         0x2000014c      0x100 

.b1text
 *(.b1text)
 *(.b1rodata)
 *(.b1rodata.*)

.eb0text
 *(.eb0text)
 *(.eb0rodata)
 *(.eb0rodata.*)

.eb1text
 *(.eb1text)
 *(.eb1rodata)
 *(.eb1rodata.*)

.eb2text
 *(.eb2text)
 *(.eb2rodata)
 *(.eb2rodata.*)

.eb3text
 *(.eb3text)
 *(.eb3rodata)
 *(.eb3rodata.*)

.stab
 *(.stab)

.stabstr
 *(.stabstr)

.stab.excl
 *(.stab.excl)

.stab.exclstr
 *(.stab.exclstr)

.stab.index
 *(.stab.index)

.stab.indexstr
 *(.stab.indexstr)

.comment        0x00000000       0x6e
 *(.comment)
 .comment       0x00000000       0x6e ./system/src/newlib/_exit.o
                                 0x6f (size before relaxing)
 .comment       0x0000006e       0x6f ./system/src/newlib/_sbrk.o
 .comment       0x0000006e       0x6f ./system/src/newlib/_startup.o
 .comment       0x0000006e       0x6f ./system/src/newlib/_syscalls.o
 .comment       0x0000006e       0x6f ./system/src/diag/Trace.o
 .comment       0x0000006e       0x6f ./system/src/diag/trace_impl.o
 .comment       0x0000006e       0x6f ./system/src/cortexm/_initialize_hardware.o
 .comment       0x0000006e       0x6f ./system/src/cortexm/exception_handlers.o
 .comment       0x0000006e       0x6f ./system/src/cmsis/system_stm32f0xx.o
 .comment       0x0000006e       0x6f ./system/src/cmsis/vectors_stm32f0xx.o
 .comment       0x0000006e       0x6f ./src/MCU/led.o
 .comment       0x0000006e       0x6f ./src/MCU/tick.o
 .comment       0x0000006e       0x6f ./src/MCU/usart2.o
 .comment       0x0000006e       0x6f ./src/main.o

.ARM.attributes
                0x00000000       0x2f
 .ARM.attributes
                0x00000000       0x31 ./system/src/newlib/_exit.o
 .ARM.attributes
                0x00000031       0x31 ./system/src/newlib/_sbrk.o
 .ARM.attributes
                0x00000062       0x31 ./system/src/newlib/_startup.o
 .ARM.attributes
                0x00000093       0x31 ./system/src/newlib/_syscalls.o
 .ARM.attributes
                0x000000c4       0x31 ./system/src/diag/Trace.o
 .ARM.attributes
                0x000000f5       0x31 ./system/src/diag/trace_impl.o
 .ARM.attributes
                0x00000126       0x31 ./system/src/cortexm/_initialize_hardware.o
 .ARM.attributes
                0x00000157       0x31 ./system/src/cortexm/exception_handlers.o
 .ARM.attributes
                0x00000188       0x31 ./system/src/cmsis/system_stm32f0xx.o
 .ARM.attributes
                0x000001b9       0x31 ./system/src/cmsis/vectors_stm32f0xx.o
 .ARM.attributes
                0x000001ea       0x31 ./src/MCU/led.o
 .ARM.attributes
                0x0000021b       0x31 ./src/MCU/tick.o
 .ARM.attributes
                0x0000024c       0x31 ./src/MCU/usart2.o
 .ARM.attributes
                0x0000027d       0x31 ./src/main.o
 .ARM.attributes
                0x000002ae       0x1e /usr/local/gcc-arm-none-eabi-5_3-2016q1/bin/../lib/gcc/arm-none-eabi/5.3.1/armv6-m/libgcc.a(_udivsi3.o)
 .ARM.attributes
                0x000002cc       0x1e /usr/local/gcc-arm-none-eabi-5_3-2016q1/bin/../lib/gcc/arm-none-eabi/5.3.1/armv6-m/libgcc.a(_dvmd_tls.o)
 .ARM.attributes
                0x000002ea       0x2c /usr/local/gcc-arm-none-eabi-5_3-2016q1/bin/../lib/gcc/arm-none-eabi/5.3.1/../../../../arm-none-eabi/lib/armv6-m/libg_nano.a(lib_a-errno.o)
 .ARM.attributes
                0x00000316       0x2c /usr/local/gcc-arm-none-eabi-5_3-2016q1/bin/../lib/gcc/arm-none-eabi/5.3.1/../../../../arm-none-eabi/lib/armv6-m/libg_nano.a(lib_a-impure.o)
 .ARM.attributes
                0x00000342       0x2c /usr/local/gcc-arm-none-eabi-5_3-2016q1/bin/../lib/gcc/arm-none-eabi/5.3.1/../../../../arm-none-eabi/lib/armv6-m/libg_nano.a(lib_a-vsnprintf.o)
 .ARM.attributes
                0x0000036e       0x2c /usr/local/gcc-arm-none-eabi-5_3-2016q1/bin/../lib/gcc/arm-none-eabi/5.3.1/../../../../arm-none-eabi/lib/armv6-m/libg_nano.a(lib_a-nano-svfprintf.o)
 .ARM.attributes
                0x0000039a       0x2c /usr/local/gcc-arm-none-eabi-5_3-2016q1/bin/../lib/gcc/arm-none-eabi/5.3.1/../../../../arm-none-eabi/lib/armv6-m/libg_nano.a(lib_a-nano-vfprintf_i.o)
 .ARM.attributes
                0x000003c6       0x2c /usr/local/gcc-arm-none-eabi-5_3-2016q1/bin/../lib/gcc/arm-none-eabi/5.3.1/../../../../arm-none-eabi/lib/armv6-m/libg_nano.a(lib_a-memchr-stub.o)
 .ARM.attributes
                0x000003f2       0x2c /usr/local/gcc-arm-none-eabi-5_3-2016q1/bin/../lib/gcc/arm-none-eabi/5.3.1/../../../../arm-none-eabi/lib/armv6-m/libg_nano.a(lib_a-memcpy-stub.o)
 .ARM.attributes
                0x0000041e       0x2c /usr/local/gcc-arm-none-eabi-5_3-2016q1/bin/../lib/gcc/arm-none-eabi/5.3.1/../../../../arm-none-eabi/lib/armv6-m/libg_nano.a(lib_a-memmove.o)
 .ARM.attributes
                0x0000044a       0x2c /usr/local/gcc-arm-none-eabi-5_3-2016q1/bin/../lib/gcc/arm-none-eabi/5.3.1/../../../../arm-none-eabi/lib/armv6-m/libg_nano.a(lib_a-nano-freer.o)
 .ARM.attributes
                0x00000476       0x2c /usr/local/gcc-arm-none-eabi-5_3-2016q1/bin/../lib/gcc/arm-none-eabi/5.3.1/../../../../arm-none-eabi/lib/armv6-m/libg_nano.a(lib_a-nano-mallocr.o)
 .ARM.attributes
                0x000004a2       0x2c /usr/local/gcc-arm-none-eabi-5_3-2016q1/bin/../lib/gcc/arm-none-eabi/5.3.1/../../../../arm-none-eabi/lib/armv6-m/libg_nano.a(lib_a-nano-reallocr.o)
 .ARM.attributes
                0x000004ce       0x2c /usr/local/gcc-arm-none-eabi-5_3-2016q1/bin/../lib/gcc/arm-none-eabi/5.3.1/../../../../arm-none-eabi/lib/armv6-m/libg_nano.a(lib_a-sbrkr.o)
 .ARM.attributes
                0x000004fa       0x2c /usr/local/gcc-arm-none-eabi-5_3-2016q1/bin/../lib/gcc/arm-none-eabi/5.3.1/../../../../arm-none-eabi/lib/armv6-m/libg_nano.a(lib_a-nano-msizer.o)

.debug
 *(.debug)

.line
 *(.line)

.debug_srcinfo
 *(.debug_srcinfo)

.debug_sfnames
 *(.debug_sfnames)

.debug_aranges  0x00000000      0x2f0
 *(.debug_aranges)
 .debug_aranges
                0x00000000       0x28 ./system/src/newlib/_exit.o
 .debug_aranges
                0x00000028       0x20 ./system/src/newlib/_sbrk.o
 .debug_aranges
                0x00000048       0x40 ./system/src/newlib/_startup.o
 .debug_aranges
                0x00000088       0x30 ./system/src/newlib/_syscalls.o
 .debug_aranges
                0x000000b8       0x38 ./system/src/diag/Trace.o
 .debug_aranges
                0x000000f0       0x30 ./system/src/diag/trace_impl.o
 .debug_aranges
                0x00000120       0x28 ./system/src/cortexm/_initialize_hardware.o
 .debug_aranges
                0x00000148       0x58 ./system/src/cortexm/exception_handlers.o
 .debug_aranges
                0x000001a0       0x30 ./system/src/cmsis/system_stm32f0xx.o
 .debug_aranges
                0x000001d0       0x20 ./system/src/cmsis/vectors_stm32f0xx.o
 .debug_aranges
                0x000001f0       0x38 ./src/MCU/led.o
 .debug_aranges
                0x00000228       0x40 ./src/MCU/tick.o
 .debug_aranges
                0x00000268       0x68 ./src/MCU/usart2.o
 .debug_aranges
                0x000002d0       0x20 ./src/main.o

.debug_pubnames
 *(.debug_pubnames)

.debug_info     0x00000000     0x25d7
 *(.debug_info .gnu.linkonce.wi.*)
 .debug_info    0x00000000       0xef ./system/src/newlib/_exit.o
 .debug_info    0x000000ef      0x11f ./system/src/newlib/_sbrk.o
 .debug_info    0x0000020e      0x454 ./system/src/newlib/_startup.o
 .debug_info    0x00000662      0x1bc ./system/src/newlib/_syscalls.o
 .debug_info    0x0000081e      0x2e6 ./system/src/diag/Trace.o
 .debug_info    0x00000b04      0x2ea ./system/src/diag/trace_impl.o
 .debug_info    0x00000dee       0xcb ./system/src/cortexm/_initialize_hardware.o
 .debug_info    0x00000eb9      0x332 ./system/src/cortexm/exception_handlers.o
 .debug_info    0x000011eb      0x2f6 ./system/src/cmsis/system_stm32f0xx.o
 .debug_info    0x000014e1       0xd1 ./system/src/cmsis/vectors_stm32f0xx.o
 .debug_info    0x000015b2      0x2a7 ./src/MCU/led.o
 .debug_info    0x00001859      0x4eb ./src/MCU/tick.o
 .debug_info    0x00001d44      0x640 ./src/MCU/usart2.o
 .debug_info    0x00002384      0x253 ./src/main.o

.debug_abbrev   0x00000000     0x105a
 *(.debug_abbrev)
 .debug_abbrev  0x00000000       0x8e ./system/src/newlib/_exit.o
 .debug_abbrev  0x0000008e       0xb9 ./system/src/newlib/_sbrk.o
 .debug_abbrev  0x00000147      0x1ac ./system/src/newlib/_startup.o
 .debug_abbrev  0x000002f3       0xec ./system/src/newlib/_syscalls.o
 .debug_abbrev  0x000003df      0x145 ./system/src/diag/Trace.o
 .debug_abbrev  0x00000524      0x1ae ./system/src/diag/trace_impl.o
 .debug_abbrev  0x000006d2       0x63 ./system/src/cortexm/_initialize_hardware.o
 .debug_abbrev  0x00000735      0x15c ./system/src/cortexm/exception_handlers.o
 .debug_abbrev  0x00000891      0x148 ./system/src/cmsis/system_stm32f0xx.o
 .debug_abbrev  0x000009d9       0x9d ./system/src/cmsis/vectors_stm32f0xx.o
 .debug_abbrev  0x00000a76       0xd3 ./src/MCU/led.o
 .debug_abbrev  0x00000b49      0x237 ./src/MCU/tick.o
 .debug_abbrev  0x00000d80      0x1d3 ./src/MCU/usart2.o
 .debug_abbrev  0x00000f53      0x107 ./src/main.o

.debug_line     0x00000000     0x3b6a
 *(.debug_line)
 .debug_line    0x00000000      0x2df ./system/src/newlib/_exit.o
 .debug_line    0x000002df      0x290 ./system/src/newlib/_sbrk.o
 .debug_line    0x0000056f      0x347 ./system/src/newlib/_startup.o
 .debug_line    0x000008b6      0x384 ./system/src/newlib/_syscalls.o
 .debug_line    0x00000c3a      0x33f ./system/src/diag/Trace.o
 .debug_line    0x00000f79      0x5d1 ./system/src/diag/trace_impl.o
 .debug_line    0x0000154a      0x371 ./system/src/cortexm/_initialize_hardware.o
 .debug_line    0x000018bb      0x614 ./system/src/cortexm/exception_handlers.o
 .debug_line    0x00001ecf      0x3af ./system/src/cmsis/system_stm32f0xx.o
 .debug_line    0x0000227e       0xf2 ./system/src/cmsis/vectors_stm32f0xx.o
 .debug_line    0x00002370      0x5ab ./src/MCU/led.o
 .debug_line    0x0000291b      0x5df ./src/MCU/tick.o
 .debug_line    0x00002efa      0x6aa ./src/MCU/usart2.o
 .debug_line    0x000035a4      0x5c6 ./src/main.o

.debug_frame    0x00000000      0x7e4
 *(.debug_frame)
 .debug_frame   0x00000000       0x38 ./system/src/newlib/_exit.o
 .debug_frame   0x00000038       0x28 ./system/src/newlib/_sbrk.o
 .debug_frame   0x00000060       0x80 ./system/src/newlib/_startup.o
 .debug_frame   0x000000e0       0x50 ./system/src/newlib/_syscalls.o
 .debug_frame   0x00000130       0x78 ./system/src/diag/Trace.o
 .debug_frame   0x000001a8       0x60 ./system/src/diag/trace_impl.o
 .debug_frame   0x00000208       0x40 ./system/src/cortexm/_initialize_hardware.o
 .debug_frame   0x00000248       0xb0 ./system/src/cortexm/exception_handlers.o
 .debug_frame   0x000002f8       0x54 ./system/src/cmsis/system_stm32f0xx.o
 .debug_frame   0x0000034c       0x20 ./system/src/cmsis/vectors_stm32f0xx.o
 .debug_frame   0x0000036c       0x60 ./src/MCU/led.o
 .debug_frame   0x000003cc       0x70 ./src/MCU/tick.o
 .debug_frame   0x0000043c       0xec ./src/MCU/usart2.o
 .debug_frame   0x00000528       0x28 ./src/main.o
 .debug_frame   0x00000550       0x20 /usr/local/gcc-arm-none-eabi-5_3-2016q1/bin/../lib/gcc/arm-none-eabi/5.3.1/armv6-m/libgcc.a(_udivsi3.o)
 .debug_frame   0x00000570       0x20 /usr/local/gcc-arm-none-eabi-5_3-2016q1/bin/../lib/gcc/arm-none-eabi/5.3.1/../../../../arm-none-eabi/lib/armv6-m/libg_nano.a(lib_a-errno.o)
 .debug_frame   0x00000590       0x48 /usr/local/gcc-arm-none-eabi-5_3-2016q1/bin/../lib/gcc/arm-none-eabi/5.3.1/../../../../arm-none-eabi/lib/armv6-m/libg_nano.a(lib_a-vsnprintf.o)
 .debug_frame   0x000005d8       0x74 /usr/local/gcc-arm-none-eabi-5_3-2016q1/bin/../lib/gcc/arm-none-eabi/5.3.1/../../../../arm-none-eabi/lib/armv6-m/libg_nano.a(lib_a-nano-svfprintf.o)
 .debug_frame   0x0000064c       0x54 /usr/local/gcc-arm-none-eabi-5_3-2016q1/bin/../lib/gcc/arm-none-eabi/5.3.1/../../../../arm-none-eabi/lib/armv6-m/libg_nano.a(lib_a-nano-vfprintf_i.o)
 .debug_frame   0x000006a0       0x20 /usr/local/gcc-arm-none-eabi-5_3-2016q1/bin/../lib/gcc/arm-none-eabi/5.3.1/../../../../arm-none-eabi/lib/armv6-m/libg_nano.a(lib_a-memchr-stub.o)
 .debug_frame   0x000006c0       0x28 /usr/local/gcc-arm-none-eabi-5_3-2016q1/bin/../lib/gcc/arm-none-eabi/5.3.1/../../../../arm-none-eabi/lib/armv6-m/libg_nano.a(lib_a-memcpy-stub.o)
 .debug_frame   0x000006e8       0x28 /usr/local/gcc-arm-none-eabi-5_3-2016q1/bin/../lib/gcc/arm-none-eabi/5.3.1/../../../../arm-none-eabi/lib/armv6-m/libg_nano.a(lib_a-memmove.o)
 .debug_frame   0x00000710       0x2c /usr/local/gcc-arm-none-eabi-5_3-2016q1/bin/../lib/gcc/arm-none-eabi/5.3.1/../../../../arm-none-eabi/lib/armv6-m/libg_nano.a(lib_a-nano-freer.o)
 .debug_frame   0x0000073c       0x2c /usr/local/gcc-arm-none-eabi-5_3-2016q1/bin/../lib/gcc/arm-none-eabi/5.3.1/../../../../arm-none-eabi/lib/armv6-m/libg_nano.a(lib_a-nano-mallocr.o)
 .debug_frame   0x00000768       0x30 /usr/local/gcc-arm-none-eabi-5_3-2016q1/bin/../lib/gcc/arm-none-eabi/5.3.1/../../../../arm-none-eabi/lib/armv6-m/libg_nano.a(lib_a-nano-reallocr.o)
 .debug_frame   0x00000798       0x2c /usr/local/gcc-arm-none-eabi-5_3-2016q1/bin/../lib/gcc/arm-none-eabi/5.3.1/../../../../arm-none-eabi/lib/armv6-m/libg_nano.a(lib_a-sbrkr.o)
 .debug_frame   0x000007c4       0x20 /usr/local/gcc-arm-none-eabi-5_3-2016q1/bin/../lib/gcc/arm-none-eabi/5.3.1/../../../../arm-none-eabi/lib/armv6-m/libg_nano.a(lib_a-nano-msizer.o)

.debug_str      0x00000000    0x45f9b
 *(.debug_str)
 .debug_str     0x00000000     0x683d ./system/src/newlib/_exit.o
                               0x69af (size before relaxing)
 .debug_str     0x0000683d      0x4de ./system/src/newlib/_sbrk.o
                               0x5d9a (size before relaxing)
 .debug_str     0x00006d1b      0xbc5 ./system/src/newlib/_startup.o
                               0x5935 (size before relaxing)
 .debug_str     0x000078e0      0xe06 ./system/src/newlib/_syscalls.o
                               0x6be2 (size before relaxing)
 .debug_str     0x000086e6      0x883 ./system/src/diag/Trace.o
                               0x7182 (size before relaxing)
 .debug_str     0x00008f69    0x3c7a4 ./system/src/diag/trace_impl.o
                              0x42e32 (size before relaxing)
 .debug_str     0x0004570d       0x4e ./system/src/cortexm/_initialize_hardware.o
                              0x3f333 (size before relaxing)
 .debug_str     0x0004575b      0x109 ./system/src/cortexm/exception_handlers.o
                              0x4389d (size before relaxing)
 .debug_str     0x00045864      0x118 ./system/src/cmsis/system_stm32f0xx.o
                              0x3f3e1 (size before relaxing)
 .debug_str     0x0004597c       0x56 ./system/src/cmsis/vectors_stm32f0xx.o
                               0x2f13 (size before relaxing)
 .debug_str     0x000459d2      0x13d ./src/MCU/led.o
                              0x430bc (size before relaxing)
 .debug_str     0x00045b0f      0x2e3 ./src/MCU/tick.o
                              0x4330f (size before relaxing)
 .debug_str     0x00045df2      0x187 ./src/MCU/usart2.o
                              0x43242 (size before relaxing)
 .debug_str     0x00045f79       0x22 ./src/main.o
                              0x430e6 (size before relaxing)

.debug_loc      0x00000000      0xa88
 *(.debug_loc)
 .debug_loc     0x00000000       0x7b ./system/src/newlib/_sbrk.o
 .debug_loc     0x0000007b      0x265 ./system/src/newlib/_startup.o
 .debug_loc     0x000002e0       0x63 ./system/src/newlib/_syscalls.o
 .debug_loc     0x00000343      0x102 ./system/src/diag/Trace.o
 .debug_loc     0x00000445      0x17c ./system/src/diag/trace_impl.o
 .debug_loc     0x000005c1       0x94 ./system/src/cortexm/exception_handlers.o
 .debug_loc     0x00000655       0xee ./system/src/cmsis/system_stm32f0xx.o
 .debug_loc     0x00000743      0x13a ./src/MCU/tick.o
 .debug_loc     0x0000087d      0x1de ./src/MCU/usart2.o
 .debug_loc     0x00000a5b       0x2d ./src/main.o

.debug_macinfo
 *(.debug_macinfo)

.debug_weaknames
 *(.debug_weaknames)

.debug_funcnames
 *(.debug_funcnames)

.debug_typenames
 *(.debug_typenames)

.debug_varnames
 *(.debug_varnames)
OUTPUT(usart.elf elf32-littlearm)

.debug_ranges   0x00000000      0x240
 .debug_ranges  0x00000000       0x18 ./system/src/newlib/_exit.o
 .debug_ranges  0x00000018       0x10 ./system/src/newlib/_sbrk.o
 .debug_ranges  0x00000028       0x48 ./system/src/newlib/_startup.o
 .debug_ranges  0x00000070       0x20 ./system/src/newlib/_syscalls.o
 .debug_ranges  0x00000090       0x28 ./system/src/diag/Trace.o
 .debug_ranges  0x000000b8       0x38 ./system/src/diag/trace_impl.o
 .debug_ranges  0x000000f0       0x18 ./system/src/cortexm/_initialize_hardware.o
 .debug_ranges  0x00000108       0x48 ./system/src/cortexm/exception_handlers.o
 .debug_ranges  0x00000150       0x20 ./system/src/cmsis/system_stm32f0xx.o
 .debug_ranges  0x00000170       0x10 ./system/src/cmsis/vectors_stm32f0xx.o
 .debug_ranges  0x00000180       0x28 ./src/MCU/led.o
 .debug_ranges  0x000001a8       0x30 ./src/MCU/tick.o
 .debug_ranges  0x000001d8       0x58 ./src/MCU/usart2.o
 .debug_ranges  0x00000230       0x10 ./src/main.o

.debug_macro    0x00000000     0x3066
 .debug_macro   0x00000000      0x182 ./system/src/newlib/_exit.o
 .debug_macro   0x00000182       0x9c ./system/src/newlib/_exit.o
 .debug_macro   0x0000021e      0x10e ./system/src/newlib/_exit.o
 .debug_macro   0x0000032c       0x8d ./system/src/newlib/_exit.o
 .debug_macro   0x000003b9       0x43 ./system/src/newlib/_exit.o
 .debug_macro   0x000003fc      0x30d ./system/src/newlib/_exit.o
 .debug_macro   0x00000709       0x35 ./system/src/newlib/_exit.o
 .debug_macro   0x0000073e      0x137 ./system/src/newlib/_sbrk.o
 .debug_macro   0x00000875      0x174 ./system/src/newlib/_sbrk.o
 .debug_macro   0x000009e9       0x10 ./system/src/newlib/_sbrk.o
 .debug_macro   0x000009f9      0x23b ./system/src/newlib/_sbrk.o
 .debug_macro   0x00000c34      0x141 ./system/src/newlib/_startup.o
 .debug_macro   0x00000d75      0x1d6 ./system/src/newlib/_syscalls.o
 .debug_macro   0x00000f4b       0x1c ./system/src/newlib/_syscalls.o
 .debug_macro   0x00000f67       0x10 ./system/src/newlib/_syscalls.o
 .debug_macro   0x00000f77       0x10 ./system/src/newlib/_syscalls.o
 .debug_macro   0x00000f87       0x10 ./system/src/newlib/_syscalls.o
 .debug_macro   0x00000f97       0x35 ./system/src/newlib/_syscalls.o
 .debug_macro   0x00000fcc      0x122 ./system/src/newlib/_syscalls.o
 .debug_macro   0x000010ee       0x88 ./system/src/newlib/_syscalls.o
 .debug_macro   0x00001176       0x2b ./system/src/newlib/_syscalls.o
 .debug_macro   0x000011a1      0x118 ./system/src/newlib/_syscalls.o
 .debug_macro   0x000012b9      0x159 ./system/src/newlib/_syscalls.o
 .debug_macro   0x00001412       0x16 ./system/src/newlib/_syscalls.o
 .debug_macro   0x00001428      0x1af ./system/src/diag/Trace.o
 .debug_macro   0x000015d7       0x16 ./system/src/diag/Trace.o
 .debug_macro   0x000015ed       0x97 ./system/src/diag/Trace.o
 .debug_macro   0x00001684       0xfd ./system/src/diag/Trace.o
 .debug_macro   0x00001781       0x10 ./system/src/diag/Trace.o
 .debug_macro   0x00001791       0x16 ./system/src/diag/Trace.o
 .debug_macro   0x000017a7      0x182 ./system/src/diag/Trace.o
 .debug_macro   0x00001929       0x52 ./system/src/diag/Trace.o
 .debug_macro   0x0000197b       0x16 ./system/src/diag/Trace.o
 .debug_macro   0x00001991      0x2a2 ./system/src/diag/trace_impl.o
 .debug_macro   0x00001c33       0x10 ./system/src/diag/trace_impl.o
 .debug_macro   0x00001c43       0xcf ./system/src/diag/trace_impl.o
 .debug_macro   0x00001d12       0x19 ./system/src/diag/trace_impl.o
 .debug_macro   0x00001d2b       0xbe ./system/src/diag/trace_impl.o
 .debug_macro   0x00001de9       0x22 ./system/src/diag/trace_impl.o
 .debug_macro   0x00001e0b      0x165 ./system/src/cortexm/_initialize_hardware.o
 .debug_macro   0x00001f70      0x2d8 ./system/src/cortexm/exception_handlers.o
 .debug_macro   0x00002248       0x3b ./system/src/cortexm/exception_handlers.o
 .debug_macro   0x00002283       0x10 ./system/src/cortexm/exception_handlers.o
 .debug_macro   0x00002293      0x15b ./system/src/cmsis/system_stm32f0xx.o
 .debug_macro   0x000023ee       0x34 ./system/src/cmsis/vectors_stm32f0xx.o
 .debug_macro   0x00002422      0x2fb ./src/MCU/led.o
 .debug_macro   0x0000271d       0x28 ./src/MCU/led.o
 .debug_macro   0x00002745      0x2fb ./src/MCU/tick.o
 .debug_macro   0x00002a40      0x30f ./src/MCU/usart2.o
 .debug_macro   0x00002d4f      0x317 ./src/main.o
